../Drivers/STM32WBxx_HAL_Driver/Inc/stm32wbxx_ll_bus.h:364:22:LL_AHB1_GRP1_EnableClock	24	static
../Drivers/STM32WBxx_HAL_Driver/Inc/stm32wbxx_ll_bus.h:539:22:LL_AHB2_GRP1_EnableClock	24	static
../Core/Src/main.c:98:6:HAL_ADC_ConvCpltCallback	16	static
../Core/Src/main.c:119:6:controlButtonState	24	static
../Core/Src/main.c:142:5:main	112	static
../Core/Src/main.c:241:6:SystemClock_Config	112	static
../Core/Src/main.c:299:6:PeriphCommonClock_Config	88	static
../Core/Src/main.c:331:13:MX_ADC1_Init	32	static
../Core/Src/main.c:416:13:MX_TIM1_Init	40	static
../Core/Src/main.c:461:13:MX_DMA_Init	8	static
../Core/Src/main.c:480:13:MX_GPIO_Init	32	static
../Core/Src/main.c:514:6:Error_Handler	4	static,ignoring_inline_asm
